// Jest Snapshot v1, https://goo.gl/fbAQLP

exports[`Reel correct usage renders all the gutter options 1`] = `
.c0 {
  --gutter: 0px;
  box-sizing: border-box;
  display: -webkit-box;
  display: -webkit-flex;
  display: -ms-flexbox;
  display: flex;
  gap: var(--gutter);
  overflow: scroll;
  -webkit-scroll-snap-type: none;
  -moz-scroll-snap-type: none;
  -ms-scroll-snap-type: none;
  scroll-snap-type: none;
}

.c0 > * {
  -webkit-scroll-snap-align: start;
  -moz-scroll-snap-align: start;
  -ms-scroll-snap-align: start;
  scroll-snap-align: start;
}

<div
  className="c0"
  data-bedrock-layout-reel=""
>
  <p>
    Lorem ipsum dolor sit amet consectetur adipisicing elit. Molestiae non praesentium delectus, accusamus beatae cumque nam pariatur, eius eaque magni expedita, perferendis ducimus. Deleniti, tenetur modi! Odit, consequatur dicta quas impedit incidunt rerum eaque nesciunt reiciendis nostrum natus libero. Doloribus fuga aut voluptatum accusantium similique, tempora at odio rerum repellat?
  </p>
  <p>
    Lorem ipsum dolor sit amet consectetur adipisicing elit. Molestiae non praesentium delectus, accusamus beatae cumque nam pariatur, eius eaque magni expedita, perferendis ducimus. Deleniti, tenetur modi! Odit, consequatur dicta quas impedit incidunt rerum eaque nesciunt reiciendis nostrum natus libero. Doloribus fuga aut voluptatum accusantium similique, tempora at odio rerum repellat?
  </p>
  <p>
    Lorem ipsum dolor sit amet consectetur adipisicing elit. Molestiae non praesentium delectus, accusamus beatae cumque nam pariatur, eius eaque magni expedita, perferendis ducimus. Deleniti, tenetur modi! Odit, consequatur dicta quas impedit incidunt rerum eaque nesciunt reiciendis nostrum natus libero. Doloribus fuga aut voluptatum accusantium similique, tempora at odio rerum repellat?
  </p>
</div>
`;

exports[`Reel correct usage renders all the gutter options 2`] = `
.c0 {
  --gutter: 0.0625rem;
  box-sizing: border-box;
  display: -webkit-box;
  display: -webkit-flex;
  display: -ms-flexbox;
  display: flex;
  gap: var(--gutter);
  overflow: scroll;
  -webkit-scroll-snap-type: none;
  -moz-scroll-snap-type: none;
  -ms-scroll-snap-type: none;
  scroll-snap-type: none;
}

.c0 > * {
  -webkit-scroll-snap-align: start;
  -moz-scroll-snap-align: start;
  -ms-scroll-snap-align: start;
  scroll-snap-align: start;
}

<div
  className="c0"
  data-bedrock-layout-reel=""
>
  <p>
    Lorem ipsum dolor sit amet consectetur adipisicing elit. Molestiae non praesentium delectus, accusamus beatae cumque nam pariatur, eius eaque magni expedita, perferendis ducimus. Deleniti, tenetur modi! Odit, consequatur dicta quas impedit incidunt rerum eaque nesciunt reiciendis nostrum natus libero. Doloribus fuga aut voluptatum accusantium similique, tempora at odio rerum repellat?
  </p>
  <p>
    Lorem ipsum dolor sit amet consectetur adipisicing elit. Molestiae non praesentium delectus, accusamus beatae cumque nam pariatur, eius eaque magni expedita, perferendis ducimus. Deleniti, tenetur modi! Odit, consequatur dicta quas impedit incidunt rerum eaque nesciunt reiciendis nostrum natus libero. Doloribus fuga aut voluptatum accusantium similique, tempora at odio rerum repellat?
  </p>
  <p>
    Lorem ipsum dolor sit amet consectetur adipisicing elit. Molestiae non praesentium delectus, accusamus beatae cumque nam pariatur, eius eaque magni expedita, perferendis ducimus. Deleniti, tenetur modi! Odit, consequatur dicta quas impedit incidunt rerum eaque nesciunt reiciendis nostrum natus libero. Doloribus fuga aut voluptatum accusantium similique, tempora at odio rerum repellat?
  </p>
</div>
`;

exports[`Reel correct usage renders all the gutter options 3`] = `
.c0 {
  --gutter: 0.125rem;
  box-sizing: border-box;
  display: -webkit-box;
  display: -webkit-flex;
  display: -ms-flexbox;
  display: flex;
  gap: var(--gutter);
  overflow: scroll;
  -webkit-scroll-snap-type: none;
  -moz-scroll-snap-type: none;
  -ms-scroll-snap-type: none;
  scroll-snap-type: none;
}

.c0 > * {
  -webkit-scroll-snap-align: start;
  -moz-scroll-snap-align: start;
  -ms-scroll-snap-align: start;
  scroll-snap-align: start;
}

<div
  className="c0"
  data-bedrock-layout-reel=""
>
  <p>
    Lorem ipsum dolor sit amet consectetur adipisicing elit. Molestiae non praesentium delectus, accusamus beatae cumque nam pariatur, eius eaque magni expedita, perferendis ducimus. Deleniti, tenetur modi! Odit, consequatur dicta quas impedit incidunt rerum eaque nesciunt reiciendis nostrum natus libero. Doloribus fuga aut voluptatum accusantium similique, tempora at odio rerum repellat?
  </p>
  <p>
    Lorem ipsum dolor sit amet consectetur adipisicing elit. Molestiae non praesentium delectus, accusamus beatae cumque nam pariatur, eius eaque magni expedita, perferendis ducimus. Deleniti, tenetur modi! Odit, consequatur dicta quas impedit incidunt rerum eaque nesciunt reiciendis nostrum natus libero. Doloribus fuga aut voluptatum accusantium similique, tempora at odio rerum repellat?
  </p>
  <p>
    Lorem ipsum dolor sit amet consectetur adipisicing elit. Molestiae non praesentium delectus, accusamus beatae cumque nam pariatur, eius eaque magni expedita, perferendis ducimus. Deleniti, tenetur modi! Odit, consequatur dicta quas impedit incidunt rerum eaque nesciunt reiciendis nostrum natus libero. Doloribus fuga aut voluptatum accusantium similique, tempora at odio rerum repellat?
  </p>
</div>
`;

exports[`Reel correct usage renders all the gutter options 4`] = `
.c0 {
  --gutter: 0.25rem;
  box-sizing: border-box;
  display: -webkit-box;
  display: -webkit-flex;
  display: -ms-flexbox;
  display: flex;
  gap: var(--gutter);
  overflow: scroll;
  -webkit-scroll-snap-type: none;
  -moz-scroll-snap-type: none;
  -ms-scroll-snap-type: none;
  scroll-snap-type: none;
}

.c0 > * {
  -webkit-scroll-snap-align: start;
  -moz-scroll-snap-align: start;
  -ms-scroll-snap-align: start;
  scroll-snap-align: start;
}

<div
  className="c0"
  data-bedrock-layout-reel=""
>
  <p>
    Lorem ipsum dolor sit amet consectetur adipisicing elit. Molestiae non praesentium delectus, accusamus beatae cumque nam pariatur, eius eaque magni expedita, perferendis ducimus. Deleniti, tenetur modi! Odit, consequatur dicta quas impedit incidunt rerum eaque nesciunt reiciendis nostrum natus libero. Doloribus fuga aut voluptatum accusantium similique, tempora at odio rerum repellat?
  </p>
  <p>
    Lorem ipsum dolor sit amet consectetur adipisicing elit. Molestiae non praesentium delectus, accusamus beatae cumque nam pariatur, eius eaque magni expedita, perferendis ducimus. Deleniti, tenetur modi! Odit, consequatur dicta quas impedit incidunt rerum eaque nesciunt reiciendis nostrum natus libero. Doloribus fuga aut voluptatum accusantium similique, tempora at odio rerum repellat?
  </p>
  <p>
    Lorem ipsum dolor sit amet consectetur adipisicing elit. Molestiae non praesentium delectus, accusamus beatae cumque nam pariatur, eius eaque magni expedita, perferendis ducimus. Deleniti, tenetur modi! Odit, consequatur dicta quas impedit incidunt rerum eaque nesciunt reiciendis nostrum natus libero. Doloribus fuga aut voluptatum accusantium similique, tempora at odio rerum repellat?
  </p>
</div>
`;

exports[`Reel correct usage renders all the gutter options 5`] = `
.c0 {
  --gutter: 0.5rem;
  box-sizing: border-box;
  display: -webkit-box;
  display: -webkit-flex;
  display: -ms-flexbox;
  display: flex;
  gap: var(--gutter);
  overflow: scroll;
  -webkit-scroll-snap-type: none;
  -moz-scroll-snap-type: none;
  -ms-scroll-snap-type: none;
  scroll-snap-type: none;
}

.c0 > * {
  -webkit-scroll-snap-align: start;
  -moz-scroll-snap-align: start;
  -ms-scroll-snap-align: start;
  scroll-snap-align: start;
}

<div
  className="c0"
  data-bedrock-layout-reel=""
>
  <p>
    Lorem ipsum dolor sit amet consectetur adipisicing elit. Molestiae non praesentium delectus, accusamus beatae cumque nam pariatur, eius eaque magni expedita, perferendis ducimus. Deleniti, tenetur modi! Odit, consequatur dicta quas impedit incidunt rerum eaque nesciunt reiciendis nostrum natus libero. Doloribus fuga aut voluptatum accusantium similique, tempora at odio rerum repellat?
  </p>
  <p>
    Lorem ipsum dolor sit amet consectetur adipisicing elit. Molestiae non praesentium delectus, accusamus beatae cumque nam pariatur, eius eaque magni expedita, perferendis ducimus. Deleniti, tenetur modi! Odit, consequatur dicta quas impedit incidunt rerum eaque nesciunt reiciendis nostrum natus libero. Doloribus fuga aut voluptatum accusantium similique, tempora at odio rerum repellat?
  </p>
  <p>
    Lorem ipsum dolor sit amet consectetur adipisicing elit. Molestiae non praesentium delectus, accusamus beatae cumque nam pariatur, eius eaque magni expedita, perferendis ducimus. Deleniti, tenetur modi! Odit, consequatur dicta quas impedit incidunt rerum eaque nesciunt reiciendis nostrum natus libero. Doloribus fuga aut voluptatum accusantium similique, tempora at odio rerum repellat?
  </p>
</div>
`;

exports[`Reel correct usage renders all the gutter options 6`] = `
.c0 {
  --gutter: 0.75rem;
  box-sizing: border-box;
  display: -webkit-box;
  display: -webkit-flex;
  display: -ms-flexbox;
  display: flex;
  gap: var(--gutter);
  overflow: scroll;
  -webkit-scroll-snap-type: none;
  -moz-scroll-snap-type: none;
  -ms-scroll-snap-type: none;
  scroll-snap-type: none;
}

.c0 > * {
  -webkit-scroll-snap-align: start;
  -moz-scroll-snap-align: start;
  -ms-scroll-snap-align: start;
  scroll-snap-align: start;
}

<div
  className="c0"
  data-bedrock-layout-reel=""
>
  <p>
    Lorem ipsum dolor sit amet consectetur adipisicing elit. Molestiae non praesentium delectus, accusamus beatae cumque nam pariatur, eius eaque magni expedita, perferendis ducimus. Deleniti, tenetur modi! Odit, consequatur dicta quas impedit incidunt rerum eaque nesciunt reiciendis nostrum natus libero. Doloribus fuga aut voluptatum accusantium similique, tempora at odio rerum repellat?
  </p>
  <p>
    Lorem ipsum dolor sit amet consectetur adipisicing elit. Molestiae non praesentium delectus, accusamus beatae cumque nam pariatur, eius eaque magni expedita, perferendis ducimus. Deleniti, tenetur modi! Odit, consequatur dicta quas impedit incidunt rerum eaque nesciunt reiciendis nostrum natus libero. Doloribus fuga aut voluptatum accusantium similique, tempora at odio rerum repellat?
  </p>
  <p>
    Lorem ipsum dolor sit amet consectetur adipisicing elit. Molestiae non praesentium delectus, accusamus beatae cumque nam pariatur, eius eaque magni expedita, perferendis ducimus. Deleniti, tenetur modi! Odit, consequatur dicta quas impedit incidunt rerum eaque nesciunt reiciendis nostrum natus libero. Doloribus fuga aut voluptatum accusantium similique, tempora at odio rerum repellat?
  </p>
</div>
`;

exports[`Reel correct usage renders all the gutter options 7`] = `
.c0 {
  --gutter: 1rem;
  box-sizing: border-box;
  display: -webkit-box;
  display: -webkit-flex;
  display: -ms-flexbox;
  display: flex;
  gap: var(--gutter);
  overflow: scroll;
  -webkit-scroll-snap-type: none;
  -moz-scroll-snap-type: none;
  -ms-scroll-snap-type: none;
  scroll-snap-type: none;
}

.c0 > * {
  -webkit-scroll-snap-align: start;
  -moz-scroll-snap-align: start;
  -ms-scroll-snap-align: start;
  scroll-snap-align: start;
}

<div
  className="c0"
  data-bedrock-layout-reel=""
>
  <p>
    Lorem ipsum dolor sit amet consectetur adipisicing elit. Molestiae non praesentium delectus, accusamus beatae cumque nam pariatur, eius eaque magni expedita, perferendis ducimus. Deleniti, tenetur modi! Odit, consequatur dicta quas impedit incidunt rerum eaque nesciunt reiciendis nostrum natus libero. Doloribus fuga aut voluptatum accusantium similique, tempora at odio rerum repellat?
  </p>
  <p>
    Lorem ipsum dolor sit amet consectetur adipisicing elit. Molestiae non praesentium delectus, accusamus beatae cumque nam pariatur, eius eaque magni expedita, perferendis ducimus. Deleniti, tenetur modi! Odit, consequatur dicta quas impedit incidunt rerum eaque nesciunt reiciendis nostrum natus libero. Doloribus fuga aut voluptatum accusantium similique, tempora at odio rerum repellat?
  </p>
  <p>
    Lorem ipsum dolor sit amet consectetur adipisicing elit. Molestiae non praesentium delectus, accusamus beatae cumque nam pariatur, eius eaque magni expedita, perferendis ducimus. Deleniti, tenetur modi! Odit, consequatur dicta quas impedit incidunt rerum eaque nesciunt reiciendis nostrum natus libero. Doloribus fuga aut voluptatum accusantium similique, tempora at odio rerum repellat?
  </p>
</div>
`;

exports[`Reel correct usage renders all the gutter options 8`] = `
.c0 {
  --gutter: 1.5rem;
  box-sizing: border-box;
  display: -webkit-box;
  display: -webkit-flex;
  display: -ms-flexbox;
  display: flex;
  gap: var(--gutter);
  overflow: scroll;
  -webkit-scroll-snap-type: none;
  -moz-scroll-snap-type: none;
  -ms-scroll-snap-type: none;
  scroll-snap-type: none;
}

.c0 > * {
  -webkit-scroll-snap-align: start;
  -moz-scroll-snap-align: start;
  -ms-scroll-snap-align: start;
  scroll-snap-align: start;
}

<div
  className="c0"
  data-bedrock-layout-reel=""
>
  <p>
    Lorem ipsum dolor sit amet consectetur adipisicing elit. Molestiae non praesentium delectus, accusamus beatae cumque nam pariatur, eius eaque magni expedita, perferendis ducimus. Deleniti, tenetur modi! Odit, consequatur dicta quas impedit incidunt rerum eaque nesciunt reiciendis nostrum natus libero. Doloribus fuga aut voluptatum accusantium similique, tempora at odio rerum repellat?
  </p>
  <p>
    Lorem ipsum dolor sit amet consectetur adipisicing elit. Molestiae non praesentium delectus, accusamus beatae cumque nam pariatur, eius eaque magni expedita, perferendis ducimus. Deleniti, tenetur modi! Odit, consequatur dicta quas impedit incidunt rerum eaque nesciunt reiciendis nostrum natus libero. Doloribus fuga aut voluptatum accusantium similique, tempora at odio rerum repellat?
  </p>
  <p>
    Lorem ipsum dolor sit amet consectetur adipisicing elit. Molestiae non praesentium delectus, accusamus beatae cumque nam pariatur, eius eaque magni expedita, perferendis ducimus. Deleniti, tenetur modi! Odit, consequatur dicta quas impedit incidunt rerum eaque nesciunt reiciendis nostrum natus libero. Doloribus fuga aut voluptatum accusantium similique, tempora at odio rerum repellat?
  </p>
</div>
`;

exports[`Reel correct usage renders all the gutter options 9`] = `
.c0 {
  --gutter: 2rem;
  box-sizing: border-box;
  display: -webkit-box;
  display: -webkit-flex;
  display: -ms-flexbox;
  display: flex;
  gap: var(--gutter);
  overflow: scroll;
  -webkit-scroll-snap-type: none;
  -moz-scroll-snap-type: none;
  -ms-scroll-snap-type: none;
  scroll-snap-type: none;
}

.c0 > * {
  -webkit-scroll-snap-align: start;
  -moz-scroll-snap-align: start;
  -ms-scroll-snap-align: start;
  scroll-snap-align: start;
}

<div
  className="c0"
  data-bedrock-layout-reel=""
>
  <p>
    Lorem ipsum dolor sit amet consectetur adipisicing elit. Molestiae non praesentium delectus, accusamus beatae cumque nam pariatur, eius eaque magni expedita, perferendis ducimus. Deleniti, tenetur modi! Odit, consequatur dicta quas impedit incidunt rerum eaque nesciunt reiciendis nostrum natus libero. Doloribus fuga aut voluptatum accusantium similique, tempora at odio rerum repellat?
  </p>
  <p>
    Lorem ipsum dolor sit amet consectetur adipisicing elit. Molestiae non praesentium delectus, accusamus beatae cumque nam pariatur, eius eaque magni expedita, perferendis ducimus. Deleniti, tenetur modi! Odit, consequatur dicta quas impedit incidunt rerum eaque nesciunt reiciendis nostrum natus libero. Doloribus fuga aut voluptatum accusantium similique, tempora at odio rerum repellat?
  </p>
  <p>
    Lorem ipsum dolor sit amet consectetur adipisicing elit. Molestiae non praesentium delectus, accusamus beatae cumque nam pariatur, eius eaque magni expedita, perferendis ducimus. Deleniti, tenetur modi! Odit, consequatur dicta quas impedit incidunt rerum eaque nesciunt reiciendis nostrum natus libero. Doloribus fuga aut voluptatum accusantium similique, tempora at odio rerum repellat?
  </p>
</div>
`;

exports[`Reel correct usage renders all the gutter options 10`] = `
.c0 {
  --gutter: 3rem;
  box-sizing: border-box;
  display: -webkit-box;
  display: -webkit-flex;
  display: -ms-flexbox;
  display: flex;
  gap: var(--gutter);
  overflow: scroll;
  -webkit-scroll-snap-type: none;
  -moz-scroll-snap-type: none;
  -ms-scroll-snap-type: none;
  scroll-snap-type: none;
}

.c0 > * {
  -webkit-scroll-snap-align: start;
  -moz-scroll-snap-align: start;
  -ms-scroll-snap-align: start;
  scroll-snap-align: start;
}

<div
  className="c0"
  data-bedrock-layout-reel=""
>
  <p>
    Lorem ipsum dolor sit amet consectetur adipisicing elit. Molestiae non praesentium delectus, accusamus beatae cumque nam pariatur, eius eaque magni expedita, perferendis ducimus. Deleniti, tenetur modi! Odit, consequatur dicta quas impedit incidunt rerum eaque nesciunt reiciendis nostrum natus libero. Doloribus fuga aut voluptatum accusantium similique, tempora at odio rerum repellat?
  </p>
  <p>
    Lorem ipsum dolor sit amet consectetur adipisicing elit. Molestiae non praesentium delectus, accusamus beatae cumque nam pariatur, eius eaque magni expedita, perferendis ducimus. Deleniti, tenetur modi! Odit, consequatur dicta quas impedit incidunt rerum eaque nesciunt reiciendis nostrum natus libero. Doloribus fuga aut voluptatum accusantium similique, tempora at odio rerum repellat?
  </p>
  <p>
    Lorem ipsum dolor sit amet consectetur adipisicing elit. Molestiae non praesentium delectus, accusamus beatae cumque nam pariatur, eius eaque magni expedita, perferendis ducimus. Deleniti, tenetur modi! Odit, consequatur dicta quas impedit incidunt rerum eaque nesciunt reiciendis nostrum natus libero. Doloribus fuga aut voluptatum accusantium similique, tempora at odio rerum repellat?
  </p>
</div>
`;

exports[`Reel correct usage renders all the gutter options 11`] = `
.c0 {
  --gutter: 4rem;
  box-sizing: border-box;
  display: -webkit-box;
  display: -webkit-flex;
  display: -ms-flexbox;
  display: flex;
  gap: var(--gutter);
  overflow: scroll;
  -webkit-scroll-snap-type: none;
  -moz-scroll-snap-type: none;
  -ms-scroll-snap-type: none;
  scroll-snap-type: none;
}

.c0 > * {
  -webkit-scroll-snap-align: start;
  -moz-scroll-snap-align: start;
  -ms-scroll-snap-align: start;
  scroll-snap-align: start;
}

<div
  className="c0"
  data-bedrock-layout-reel=""
>
  <p>
    Lorem ipsum dolor sit amet consectetur adipisicing elit. Molestiae non praesentium delectus, accusamus beatae cumque nam pariatur, eius eaque magni expedita, perferendis ducimus. Deleniti, tenetur modi! Odit, consequatur dicta quas impedit incidunt rerum eaque nesciunt reiciendis nostrum natus libero. Doloribus fuga aut voluptatum accusantium similique, tempora at odio rerum repellat?
  </p>
  <p>
    Lorem ipsum dolor sit amet consectetur adipisicing elit. Molestiae non praesentium delectus, accusamus beatae cumque nam pariatur, eius eaque magni expedita, perferendis ducimus. Deleniti, tenetur modi! Odit, consequatur dicta quas impedit incidunt rerum eaque nesciunt reiciendis nostrum natus libero. Doloribus fuga aut voluptatum accusantium similique, tempora at odio rerum repellat?
  </p>
  <p>
    Lorem ipsum dolor sit amet consectetur adipisicing elit. Molestiae non praesentium delectus, accusamus beatae cumque nam pariatur, eius eaque magni expedita, perferendis ducimus. Deleniti, tenetur modi! Odit, consequatur dicta quas impedit incidunt rerum eaque nesciunt reiciendis nostrum natus libero. Doloribus fuga aut voluptatum accusantium similique, tempora at odio rerum repellat?
  </p>
</div>
`;

exports[`Reel correct usage renders snapTypes 1`] = `
.c0 {
  --gutter: 0px;
  box-sizing: border-box;
  display: -webkit-box;
  display: -webkit-flex;
  display: -ms-flexbox;
  display: flex;
  gap: var(--gutter);
  overflow: scroll;
  -webkit-scroll-snap-type: none;
  -moz-scroll-snap-type: none;
  -ms-scroll-snap-type: none;
  scroll-snap-type: none;
}

.c0 > * {
  -webkit-scroll-snap-align: start;
  -moz-scroll-snap-align: start;
  -ms-scroll-snap-align: start;
  scroll-snap-align: start;
}

<div
  className="c0"
  data-bedrock-layout-reel=""
>
  <p>
    Lorem ipsum dolor sit amet consectetur adipisicing elit. Molestiae non praesentium delectus, accusamus beatae cumque nam pariatur, eius eaque magni expedita, perferendis ducimus. Deleniti, tenetur modi! Odit, consequatur dicta quas impedit incidunt rerum eaque nesciunt reiciendis nostrum natus libero. Doloribus fuga aut voluptatum accusantium similique, tempora at odio rerum repellat?
  </p>
  <p>
    Lorem ipsum dolor sit amet consectetur adipisicing elit. Molestiae non praesentium delectus, accusamus beatae cumque nam pariatur, eius eaque magni expedita, perferendis ducimus. Deleniti, tenetur modi! Odit, consequatur dicta quas impedit incidunt rerum eaque nesciunt reiciendis nostrum natus libero. Doloribus fuga aut voluptatum accusantium similique, tempora at odio rerum repellat?
  </p>
  <p>
    Lorem ipsum dolor sit amet consectetur adipisicing elit. Molestiae non praesentium delectus, accusamus beatae cumque nam pariatur, eius eaque magni expedita, perferendis ducimus. Deleniti, tenetur modi! Odit, consequatur dicta quas impedit incidunt rerum eaque nesciunt reiciendis nostrum natus libero. Doloribus fuga aut voluptatum accusantium similique, tempora at odio rerum repellat?
  </p>
</div>
`;

exports[`Reel correct usage renders snapTypes 2`] = `
.c0 {
  --gutter: 0px;
  box-sizing: border-box;
  display: -webkit-box;
  display: -webkit-flex;
  display: -ms-flexbox;
  display: flex;
  gap: var(--gutter);
  overflow: scroll;
  -webkit-scroll-snap-type: both mandatory;
  -moz-scroll-snap-type: both mandatory;
  -ms-scroll-snap-type: both mandatory;
  scroll-snap-type: both mandatory;
}

.c0 > * {
  -webkit-scroll-snap-align: start;
  -moz-scroll-snap-align: start;
  -ms-scroll-snap-align: start;
  scroll-snap-align: start;
}

<div
  className="c0"
  data-bedrock-layout-reel=""
>
  <p>
    Lorem ipsum dolor sit amet consectetur adipisicing elit. Molestiae non praesentium delectus, accusamus beatae cumque nam pariatur, eius eaque magni expedita, perferendis ducimus. Deleniti, tenetur modi! Odit, consequatur dicta quas impedit incidunt rerum eaque nesciunt reiciendis nostrum natus libero. Doloribus fuga aut voluptatum accusantium similique, tempora at odio rerum repellat?
  </p>
  <p>
    Lorem ipsum dolor sit amet consectetur adipisicing elit. Molestiae non praesentium delectus, accusamus beatae cumque nam pariatur, eius eaque magni expedita, perferendis ducimus. Deleniti, tenetur modi! Odit, consequatur dicta quas impedit incidunt rerum eaque nesciunt reiciendis nostrum natus libero. Doloribus fuga aut voluptatum accusantium similique, tempora at odio rerum repellat?
  </p>
  <p>
    Lorem ipsum dolor sit amet consectetur adipisicing elit. Molestiae non praesentium delectus, accusamus beatae cumque nam pariatur, eius eaque magni expedita, perferendis ducimus. Deleniti, tenetur modi! Odit, consequatur dicta quas impedit incidunt rerum eaque nesciunt reiciendis nostrum natus libero. Doloribus fuga aut voluptatum accusantium similique, tempora at odio rerum repellat?
  </p>
</div>
`;

exports[`Reel correct usage renders snapTypes 3`] = `
.c0 {
  --gutter: 0px;
  box-sizing: border-box;
  display: -webkit-box;
  display: -webkit-flex;
  display: -ms-flexbox;
  display: flex;
  gap: var(--gutter);
  overflow: scroll;
  -webkit-scroll-snap-type: both proximity;
  -moz-scroll-snap-type: both proximity;
  -ms-scroll-snap-type: both proximity;
  scroll-snap-type: both proximity;
}

.c0 > * {
  -webkit-scroll-snap-align: start;
  -moz-scroll-snap-align: start;
  -ms-scroll-snap-align: start;
  scroll-snap-align: start;
}

<div
  className="c0"
  data-bedrock-layout-reel=""
>
  <p>
    Lorem ipsum dolor sit amet consectetur adipisicing elit. Molestiae non praesentium delectus, accusamus beatae cumque nam pariatur, eius eaque magni expedita, perferendis ducimus. Deleniti, tenetur modi! Odit, consequatur dicta quas impedit incidunt rerum eaque nesciunt reiciendis nostrum natus libero. Doloribus fuga aut voluptatum accusantium similique, tempora at odio rerum repellat?
  </p>
  <p>
    Lorem ipsum dolor sit amet consectetur adipisicing elit. Molestiae non praesentium delectus, accusamus beatae cumque nam pariatur, eius eaque magni expedita, perferendis ducimus. Deleniti, tenetur modi! Odit, consequatur dicta quas impedit incidunt rerum eaque nesciunt reiciendis nostrum natus libero. Doloribus fuga aut voluptatum accusantium similique, tempora at odio rerum repellat?
  </p>
  <p>
    Lorem ipsum dolor sit amet consectetur adipisicing elit. Molestiae non praesentium delectus, accusamus beatae cumque nam pariatur, eius eaque magni expedita, perferendis ducimus. Deleniti, tenetur modi! Odit, consequatur dicta quas impedit incidunt rerum eaque nesciunt reiciendis nostrum natus libero. Doloribus fuga aut voluptatum accusantium similique, tempora at odio rerum repellat?
  </p>
</div>
`;

exports[`Reel incorrect usage renders with console error with incorrect gutter 1`] = `
.c0 {
  --gutter: 0px;
  box-sizing: border-box;
  display: -webkit-box;
  display: -webkit-flex;
  display: -ms-flexbox;
  display: flex;
  gap: var(--gutter);
  overflow: scroll;
  -webkit-scroll-snap-type: none;
  -moz-scroll-snap-type: none;
  -ms-scroll-snap-type: none;
  scroll-snap-type: none;
}

.c0 > * {
  -webkit-scroll-snap-align: start;
  -moz-scroll-snap-align: start;
  -ms-scroll-snap-align: start;
  scroll-snap-align: start;
}

<div
  className="c0"
  data-bedrock-layout-reel=""
>
  <p>
    Lorem ipsum dolor sit amet consectetur adipisicing elit. Molestiae non praesentium delectus, accusamus beatae cumque nam pariatur, eius eaque magni expedita, perferendis ducimus. Deleniti, tenetur modi! Odit, consequatur dicta quas impedit incidunt rerum eaque nesciunt reiciendis nostrum natus libero. Doloribus fuga aut voluptatum accusantium similique, tempora at odio rerum repellat?
  </p>
  <p>
    Lorem ipsum dolor sit amet consectetur adipisicing elit. Molestiae non praesentium delectus, accusamus beatae cumque nam pariatur, eius eaque magni expedita, perferendis ducimus. Deleniti, tenetur modi! Odit, consequatur dicta quas impedit incidunt rerum eaque nesciunt reiciendis nostrum natus libero. Doloribus fuga aut voluptatum accusantium similique, tempora at odio rerum repellat?
  </p>
  <p>
    Lorem ipsum dolor sit amet consectetur adipisicing elit. Molestiae non praesentium delectus, accusamus beatae cumque nam pariatur, eius eaque magni expedita, perferendis ducimus. Deleniti, tenetur modi! Odit, consequatur dicta quas impedit incidunt rerum eaque nesciunt reiciendis nostrum natus libero. Doloribus fuga aut voluptatum accusantium similique, tempora at odio rerum repellat?
  </p>
</div>
`;

exports[`Reel incorrect usage renders with console error with incorrect snapType 1`] = `
.c0 {
  --gutter: 1rem;
  box-sizing: border-box;
  display: -webkit-box;
  display: -webkit-flex;
  display: -ms-flexbox;
  display: flex;
  gap: var(--gutter);
  overflow: scroll;
  -webkit-scroll-snap-type: none;
  -moz-scroll-snap-type: none;
  -ms-scroll-snap-type: none;
  scroll-snap-type: none;
}

.c0 > * {
  -webkit-scroll-snap-align: start;
  -moz-scroll-snap-align: start;
  -ms-scroll-snap-align: start;
  scroll-snap-align: start;
}

<div
  className="c0"
  data-bedrock-layout-reel=""
>
  <p>
    Lorem ipsum dolor sit amet consectetur adipisicing elit. Molestiae non praesentium delectus, accusamus beatae cumque nam pariatur, eius eaque magni expedita, perferendis ducimus. Deleniti, tenetur modi! Odit, consequatur dicta quas impedit incidunt rerum eaque nesciunt reiciendis nostrum natus libero. Doloribus fuga aut voluptatum accusantium similique, tempora at odio rerum repellat?
  </p>
  <p>
    Lorem ipsum dolor sit amet consectetur adipisicing elit. Molestiae non praesentium delectus, accusamus beatae cumque nam pariatur, eius eaque magni expedita, perferendis ducimus. Deleniti, tenetur modi! Odit, consequatur dicta quas impedit incidunt rerum eaque nesciunt reiciendis nostrum natus libero. Doloribus fuga aut voluptatum accusantium similique, tempora at odio rerum repellat?
  </p>
  <p>
    Lorem ipsum dolor sit amet consectetur adipisicing elit. Molestiae non praesentium delectus, accusamus beatae cumque nam pariatur, eius eaque magni expedita, perferendis ducimus. Deleniti, tenetur modi! Odit, consequatur dicta quas impedit incidunt rerum eaque nesciunt reiciendis nostrum natus libero. Doloribus fuga aut voluptatum accusantium similique, tempora at odio rerum repellat?
  </p>
</div>
`;
