// Jest Snapshot v1, https://goo.gl/fbAQLP

exports[`useStatefulRef should call setState when setting value 1`] = `
Object {
  "current": "Test",
}
`;
