// Vitest Snapshot v1, https://vitest.dev/guide/snapshot.html

exports[`Spacing Constants > constant snapshot 1`] = `
{
  "ThemeContext": {
    "$$typeof": Symbol(react.context),
    "Consumer": {
      "$$typeof": Symbol(react.context),
      "_context": [Circular],
    },
    "Provider": {
      "$$typeof": Symbol(react.provider),
      "_context": [Circular],
    },
    "_currentRenderer": null,
    "_currentRenderer2": null,
    "_currentValue": {},
    "_currentValue2": {},
    "_defaultValue": null,
    "_globalName": null,
    "_threadCount": 0,
  },
  "ThemeProvider": [Function],
  "getSafeGutter": [Function],
  "getSizeValue": [Function],
  "getSpacingValue": [Function],
  "sizes": {
    "sizeContent1": "20ch",
    "sizeContent2": "45ch",
    "sizeContent3": "60ch",
    "sizeHeader1": "20ch",
    "sizeHeader2": "25ch",
    "sizeHeader3": "35ch",
    "sizeLg": "1024px",
    "sizeMd": "768px",
    "sizeSm": "480px",
    "sizeXl": "1440px",
    "sizeXs": "360px",
    "sizeXxl": "1920px",
    "sizeXxs": "240px",
  },
  "spacing": {
    "size00": "-.25rem",
    "size000": "-.5rem",
    "size1": ".25rem",
    "size10": "5rem",
    "size11": "7.5rem",
    "size12": "10rem",
    "size13": "15rem",
    "size14": "20rem",
    "size15": "30rem",
    "size2": ".5rem",
    "size3": "1rem",
    "size4": "1.25rem",
    "size5": "1.5rem",
    "size6": "1.75rem",
    "size7": "2rem",
    "size8": "3rem",
    "size9": "4rem",
  },
  "useTheme": [Function],
}
`;
