// Jest Snapshot v1, https://goo.gl/fbAQLP

exports[`primitives primitives snapshot 1`] = `
Object {
  "AppBoundary": Object {
    "$$typeof": Symbol(react.forward_ref),
    "attrs": Array [
      [Function],
    ],
    "componentStyle": e {
      "baseHash": -1381688698,
      "baseStyle": undefined,
      "componentId": "sc-gsDKAQ",
      "isStatic": false,
      "rules": Array [
        "
  padding: 0;
  max-width: 100%;
  overflow: hidden;
  height: 100%;
",
      ],
      "staticRulesId": "",
    },
    "foldedComponentIds": Array [],
    "propTypes": Object {
      "boundarySize": [Function],
    },
    "render": [Function],
    "shouldForwardProp": undefined,
    "styledComponentId": "sc-gsDKAQ",
    "target": "div",
    "toString": [Function],
    "warnTooManyClasses": [Function],
    "withComponent": [Function],
  },
  "Center": Object {
    "$$typeof": Symbol(react.forward_ref),
    "attrs": Array [
      [Function],
    ],
    "componentStyle": e {
      "baseHash": -578376589,
      "baseStyle": undefined,
      "componentId": "sc-bdvvtL",
      "isStatic": false,
      "rules": Array [
        "
  @property --maxWidth {
    syntax: \\"<length-percentage>\\";
    inherits: false;
    initial-value: 100%;
  }

  box-sizing: content-box;

  margin-inline-start: auto;
  margin-inline-end: auto;
  margin-inline: auto;

  max-inline-size: var(--maxWidth, 100%);

  ",
        [Function],
        "

  ",
        [Function],
        "
",
      ],
      "staticRulesId": "",
    },
    "foldedComponentIds": Array [],
    "propTypes": Object {
      "centerChildren": [Function],
      "centerText": [Function],
      "maxWidth": [Function],
    },
    "render": [Function],
    "shouldForwardProp": undefined,
    "styledComponentId": "sc-bdvvtL",
    "target": "div",
    "toString": [Function],
    "warnTooManyClasses": [Function],
    "withComponent": [Function],
  },
  "Column": Object {
    "$$typeof": Symbol(react.forward_ref),
    "attrs": Array [
      [Function],
    ],
    "componentStyle": e {
      "baseHash": 605235812,
      "baseStyle": undefined,
      "componentId": "sc-gKclnd",
      "isStatic": false,
      "rules": Array [
        "
  --span: ",
        [Function],
        ";

  ",
        [Function],
        "

  ",
        [Function],
        "

  ",
        [Function],
        "
",
      ],
      "staticRulesId": "",
    },
    "foldedComponentIds": Array [],
    "propTypes": Object {
      "span": [Function],
    },
    "render": [Function],
    "shouldForwardProp": undefined,
    "styledComponentId": "sc-gKclnd",
    "target": "div",
    "toString": [Function],
    "warnTooManyClasses": [Function],
    "withComponent": [Function],
  },
  "ColumnDrop": Object {
    "$$typeof": Symbol(react.forward_ref),
    "attrs": Array [
      [Function],
    ],
    "componentStyle": e {
      "baseHash": -1179868038,
      "baseStyle": undefined,
      "componentId": "sc-dkPtRN",
      "isStatic": false,
      "rules": Array [
        "
  @property --basis {
    syntax: \\"<length-percentage>\\";
    inherits: true;
    initial-value: ",
        "159px",
        ";
  }

  @property --gutter {
    syntax: \\"<length-percentage>\\";
    inherits: false;
    initial-value: 0px;
  }

  box-sizing: border-box;
  > * {
    margin: 0;
    flex-basis: var(--basis, ",
        "159px",
        ");
    flex-grow: ",
        [Function],
        ";
    flex-shrink: 1;
  }

  display: flex;
  flex-wrap: wrap;
  gap: var(--gutter, 0px);
",
      ],
      "staticRulesId": "",
    },
    "foldedComponentIds": Array [],
    "propTypes": Object {
      "basis": [Function],
      "gutter": [Function],
      "noStretchedColumns": [Function],
    },
    "render": [Function],
    "shouldForwardProp": undefined,
    "styledComponentId": "sc-dkPtRN",
    "target": "div",
    "toString": [Function],
    "warnTooManyClasses": [Function],
    "withComponent": [Function],
  },
  "Columns": Object {
    "$$typeof": Symbol(react.forward_ref),
    "attrs": Array [
      [Function],
    ],
    "componentStyle": e {
      "baseHash": -1887681386,
      "baseStyle": undefined,
      "componentId": "sc-jRQBWg",
      "isStatic": false,
      "rules": Array [
        "",
      ],
      "staticRulesId": "",
    },
    "foldedComponentIds": Array [],
    "propTypes": Object {
      "columns": [Function],
      "dense": [Function],
      "gutter": [Function],
      "switchAt": [Function],
    },
    "render": [Function],
    "shouldForwardProp": undefined,
    "styledComponentId": "sc-jRQBWg",
    "target": Object {
      "$$typeof": Symbol(react.forward_ref),
      "render": [Function],
    },
    "toString": [Function],
    "warnTooManyClasses": [Function],
    "withComponent": [Function],
  },
  "Cover": Object {
    "$$typeof": Symbol(react.forward_ref),
    "attrs": Array [
      [Function],
    ],
    "componentStyle": e {
      "baseHash": 1551091733,
      "baseStyle": undefined,
      "componentId": "sc-iCfMLu",
      "isStatic": false,
      "rules": Array [
        "
  @property --gutter {
    syntax: \\"<length-percentage>\\";
    inherits: false;
    initial-value: 0;
  }

  @property --minHeight {
    syntax: \\"<length-percentage>\\";
    inherits: false;
    initial-value: 100vh;
  }

  > * {
    margin: 0;
  }

  display: flex;
  flex-direction: column;
  gap: var(--gutter, 0px);

  min-block-size: var(--minHeight, 100vh);

  > [data-bedrock-cover-centered] {
    margin-block-start: auto;
    margin-block-end: auto;

    ",
        [Function],
        ";
  }
",
      ],
      "staticRulesId": "",
    },
    "foldedComponentIds": Array [],
    "propTypes": Object {
      "bottom": [Function],
      "gutter": [Function],
      "minHeight": [Function],
      "stretchContent": [Function],
      "top": [Function],
    },
    "render": [Function],
    "shouldForwardProp": undefined,
    "styledComponentId": "sc-iCfMLu",
    "target": "div",
    "toString": [Function],
    "warnTooManyClasses": [Function],
    "withComponent": [Function],
  },
  "Frame": Object {
    "$$typeof": Symbol(react.forward_ref),
    "attrs": Array [
      [Function],
    ],
    "componentStyle": e {
      "baseHash": 1337550442,
      "baseStyle": undefined,
      "componentId": "sc-furwcr",
      "isStatic": false,
      "rules": Array [
        "
  box-sizing: border-box;
  display: block;
  inline-size: 100%;
  position: relative;
  overflow: hidden;

  &[style*=\\"--ratio\\"] {
    aspect-ratio: var(--ratio);
  }

  > * {
    position: absolute;

    inset-block-start: 0;
    inset-block-end: 0;
    inset-inline-start: 0;
    inset-inline-end: 0;

    inset-block: 0;
    inset-inline: 0;

    display: flex;
    justify-content: center;
    align-items: center;
  }

  > :is(img, video) {
    inline-size: 100%;
    block-size: 100%;
    size: 100%;

    object-fit: cover;
    object-position: ",
        [Function],
        ";
  }
",
      ],
      "staticRulesId": "",
    },
    "foldedComponentIds": Array [],
    "propTypes": Object {
      "position": [Function],
      "ratio": [Function],
    },
    "render": [Function],
    "shouldForwardProp": undefined,
    "styledComponentId": "sc-furwcr",
    "target": "div",
    "toString": [Function],
    "warnTooManyClasses": [Function],
    "withComponent": [Function],
  },
  "GlobalStyles": Object {
    "$$typeof": Symbol(react.memo),
    "compare": null,
    "type": [Function],
  },
  "Grid": Object {
    "$$typeof": Symbol(react.forward_ref),
    "attrs": Array [
      [Function],
    ],
    "componentStyle": e {
      "baseHash": 1136856117,
      "baseStyle": undefined,
      "componentId": "sc-pVTFL",
      "isStatic": false,
      "rules": Array [
        "
  @property --gutter {
    syntax: \\"<length-percentage>\\";
    inherits: false;
    initial-value: 0;
  }

  @property --minItemWidth {
    syntax: \\"<length-percentage>\\";
    inherits: false;
    initial-value: ",
        "639px",
        ";
  }

  box-sizing: border-box;
  > * {
    margin: 0;
  }

  display: grid;
  gap: var(--gutter, 0px);

  grid-template-columns: repeat(
    auto-fit,
    minmax(min(var(--minItemWidth, ",
        "639px",
        "), 100%), 1fr)
  );
",
      ],
      "staticRulesId": "",
    },
    "foldedComponentIds": Array [],
    "propTypes": Object {
      "gutter": [Function],
      "minItemWidth": [Function],
    },
    "render": [Function],
    "shouldForwardProp": undefined,
    "styledComponentId": "sc-pVTFL",
    "target": "div",
    "toString": [Function],
    "warnTooManyClasses": [Function],
    "withComponent": [Function],
  },
  "Inline": Object {
    "$$typeof": Symbol(react.forward_ref),
    "attrs": Array [
      [Function],
      [Function],
    ],
    "componentStyle": e {
      "baseHash": 851465943,
      "baseStyle": e {
        "baseHash": -620189328,
        "baseStyle": undefined,
        "componentId": "sc-jrQzAO",
        "isStatic": false,
        "rules": Array [
          "
  --gutter: ",
          [Function],
          ";

  box-sizing: border-box;
  > * {
    margin: 0;
  }

  display: flex;
  flex-wrap: wrap;
  gap: var(--gutter);

  justify-content: ",
          [Function],
          ";

  align-items: ",
          [Function],
          ";
",
        ],
        "staticRulesId": "",
      },
      "componentId": "sc-kDTinF",
      "isStatic": false,
      "rules": Array [
        "
  flex-wrap: nowrap;
  ",
        [Function],
        "
  ",
        [Function],
        "
",
      ],
      "staticRulesId": "",
    },
    "foldedComponentIds": Array [
      "sc-jrQzAO",
    ],
    "propTypes": Object {
      "align": [Function],
      "gutter": [Function],
      "justify": [Function],
      "stretch": [Function],
      "switchAt": [Function],
    },
    "render": [Function],
    "shouldForwardProp": undefined,
    "styledComponentId": "sc-kDTinF",
    "target": "div",
    "toString": [Function],
    "warnTooManyClasses": [Function],
    "withComponent": [Function],
  },
  "InlineCluster": Object {
    "$$typeof": Symbol(react.forward_ref),
    "attrs": Array [
      [Function],
    ],
    "componentStyle": e {
      "baseHash": -620189328,
      "baseStyle": undefined,
      "componentId": "sc-jrQzAO",
      "isStatic": false,
      "rules": Array [
        "
  --gutter: ",
        [Function],
        ";

  box-sizing: border-box;
  > * {
    margin: 0;
  }

  display: flex;
  flex-wrap: wrap;
  gap: var(--gutter);

  justify-content: ",
        [Function],
        ";

  align-items: ",
        [Function],
        ";
",
      ],
      "staticRulesId": "",
    },
    "foldedComponentIds": Array [],
    "propTypes": Object {
      "align": [Function],
      "gutter": [Function],
      "justify": [Function],
    },
    "render": [Function],
    "shouldForwardProp": undefined,
    "styledComponentId": "sc-jrQzAO",
    "target": "div",
    "toString": [Function],
    "warnTooManyClasses": [Function],
    "withComponent": [Function],
  },
  "MasonryGrid": Object {
    "$$typeof": Symbol(react.forward_ref),
    "attrs": Array [
      [Function],
      [Function],
    ],
    "componentStyle": e {
      "baseHash": -658045346,
      "baseStyle": e {
        "baseHash": 1136856117,
        "baseStyle": undefined,
        "componentId": "sc-pVTFL",
        "isStatic": false,
        "rules": Array [
          "
  @property --gutter {
    syntax: \\"<length-percentage>\\";
    inherits: false;
    initial-value: 0;
  }

  @property --minItemWidth {
    syntax: \\"<length-percentage>\\";
    inherits: false;
    initial-value: ",
          "639px",
          ";
  }

  box-sizing: border-box;
  > * {
    margin: 0;
  }

  display: grid;
  gap: var(--gutter, 0px);

  grid-template-columns: repeat(
    auto-fit,
    minmax(min(var(--minItemWidth, ",
          "639px",
          "), 100%), 1fr)
  );
",
        ],
        "staticRulesId": "",
      },
      "componentId": "sc-crHmcD",
      "isStatic": false,
      "rules": Array [
        "
  grid-template-rows: 1px;
",
      ],
      "staticRulesId": "",
    },
    "foldedComponentIds": Array [
      "sc-pVTFL",
    ],
    "propTypes": Object {
      "gutter": [Function],
      "minItemWidth": [Function],
    },
    "render": [Function],
    "shouldForwardProp": undefined,
    "styledComponentId": "sc-crHmcD",
    "target": "div",
    "toString": [Function],
    "warnTooManyClasses": [Function],
    "withComponent": [Function],
  },
  "PadBox": Object {
    "$$typeof": Symbol(react.forward_ref),
    "attrs": Array [
      [Function],
    ],
    "componentStyle": e {
      "baseHash": -225017612,
      "baseStyle": undefined,
      "componentId": "sc-egiyK",
      "isStatic": false,
      "rules": Array [
        "
  box-sizing: border-box;
  ",
        [Function],
        "
",
      ],
      "staticRulesId": "",
    },
    "foldedComponentIds": Array [],
    "propTypes": Object {
      "padding": [Function],
    },
    "render": [Function],
    "shouldForwardProp": undefined,
    "styledComponentId": "sc-egiyK",
    "target": "div",
    "toString": [Function],
    "warnTooManyClasses": [Function],
    "withComponent": [Function],
  },
  "Split": Object {
    "$$typeof": Symbol(react.forward_ref),
    "attrs": Array [
      [Function],
    ],
    "componentStyle": e {
      "baseHash": -1947125077,
      "baseStyle": undefined,
      "componentId": "sc-ksdxgE",
      "isStatic": false,
      "rules": Array [
        "",
      ],
      "staticRulesId": "",
    },
    "foldedComponentIds": Array [],
    "propTypes": Object {
      "fraction": [Function],
      "gutter": [Function],
      "switchAt": [Function],
    },
    "render": [Function],
    "shouldForwardProp": undefined,
    "styledComponentId": "sc-ksdxgE",
    "target": Object {
      "$$typeof": Symbol(react.forward_ref),
      "render": [Function],
    },
    "toString": [Function],
    "warnTooManyClasses": [Function],
    "withComponent": [Function],
  },
  "Stack": Object {
    "$$typeof": Symbol(react.forward_ref),
    "attrs": Array [
      [Function],
    ],
    "componentStyle": e {
      "baseHash": -1280029055,
      "baseStyle": undefined,
      "componentId": "sc-hKwDye",
      "isStatic": false,
      "rules": Array [
        "
  box-sizing: border-box;
  > * {
    margin: 0;
  }
  --gutter: ",
        [Function],
        ";

  display: grid;
  gap: var(--gutter);
  align-content: start;

  & > [data-bedrock-column] {
    grid-column: span 1 / auto;
  }
",
      ],
      "staticRulesId": "",
    },
    "foldedComponentIds": Array [],
    "propTypes": Object {
      "gutter": [Function],
    },
    "render": [Function],
    "shouldForwardProp": undefined,
    "styledComponentId": "sc-hKwDye",
    "target": "div",
    "toString": [Function],
    "warnTooManyClasses": [Function],
    "withComponent": [Function],
  },
  "breakPoints": Object {
    "large": 1199,
    "largeOnly": Array [
      1024,
      1199,
    ],
    "medium": 1023,
    "mediumOnly": Array [
      640,
      1023,
    ],
    "smallOnly": 639,
    "xlarge": 1439,
    "xlargeOnly": Array [
      1200,
      1439,
    ],
    "xxlarge": 1920,
  },
  "checkIsCSSLength": [Function],
  "getSizeValue": [Function],
  "getSpacingValue": [Function],
  "mergeBreakpoints": [Function],
  "reset": Array [
    "
  /*
  reset.css
*/

  *,
  *::before,
  *::after {
    box-sizing: border-box;
  }

  * {
    margin: 0;
  }

  ul[class],
  ol[class] {
    padding: 0;
    list-style: none;
  }

  html:focus-within {
    scroll-behavior: smooth;
  }

  body {
    min-block-size: 100vh;
    text-rendering: optimizeSpeed;
    line-height: 1.5;
    font-size: 100%;
    -webkit-font-smoothing: antialiased;
  }

  a:not([class]) {
    text-decoration-skip-ink: auto;
  }

  img,
  picture {
    display: block;
    max-inline-size: 100%;
  }

  p,
  h1,
  h2,
  h3,
  h4,
  h5,
  h6,
  li,
  figcaption {
    max-inline-size: 60ch;
    overflow-wrap: break-word;
  }

  input,
  button,
  textarea,
  select {
    font: inherit;
    max-inline-size: 100%;
  }

  .js-focus-visible :focus:not(.focus-visible) {
    outline: none;
  }

  @media (prefers-reduced-motion: reduce) {
    html:focus-within {
      scroll-behavior: auto;
    }

    *,
    *::before,
    *::after {
      animation-duration: 0.01ms !important;
      animation-iteration-count: 1 !important;
      transition-duration: 0.01ms !important;
      scroll-behavior: auto !important;
    }
  }
",
  ],
  "sizes": Object {
    "large": "1199px",
    "medium": "1023px",
    "small": "639px",
    "xlarge": "1439px",
    "xsmall": "319px",
    "xxlarge": "1920px",
    "xxsmall": "159px",
  },
  "spacing": Object {
    "lg": "1rem",
    "lgXl": "1.5rem",
    "md": "0.5rem",
    "mdLg": "0.75rem",
    "none": "0px",
    "sm": "0.25rem",
    "xl": "2rem",
    "xlXXl": "3rem",
    "xs": "0.125rem",
    "xxl": "4rem",
    "xxs": "0.0625rem",
  },
  "toPX": [Function],
  "useContainerQuery": [Function],
  "useForwardedRef": [Function],
  "useResizeObserver": [Function],
  "useStatefulRef": [Function],
}
`;
